// Jest Snapshot v1, https://goo.gl/fbAQLP

exports[`Image storyshots Tests / Button Defaults 1`] = `"<button class=\\"Button_button__1zTCG Button_button_primary__1O4RP  \\">Klikk her</button>"`;

exports[`Image storyshots Tests / Button Disabled 1`] = `"<button class=\\"Button_button__1zTCG Button_button_primary__1O4RP  \\" disabled=\\"\\">Klikk her</button>"`;

exports[`Image storyshots Tests / Button Disabled With Icon 1`] = `"<button class=\\"Button_button__1zTCG Button_button_primary__1O4RP Button_button_withIcon__2G3uN \\" disabled=\\"\\"><span class=\\"Button_icon__Fgskl\\"><svg class=\\"Icon_systemIcon__3UiY7 Icon_systemIcon_medium__3Bf05 \\" viewBox=\\"0 0 24 24\\" focusable=\\"false\\" aria-hidden=\\"true\\" role=\\"img\\"><path d=\\"M2 3v7l15 2-15 2v7l21-9L2 3Z\\"></path></svg></span>Klikk her</button>"`;

exports[`Image storyshots Tests / Button Variant Danger 1`] = `ElementHandle {}`;

exports[`Image storyshots Tests / Button Variant Danger 2`] = `"<button class=\\"Button_button__1zTCG Button_button_danger___I_QG  \\">Klikk her</button>"`;

exports[`Image storyshots Tests / Button Variant Secondary 1`] = `ElementHandle {}`;

exports[`Image storyshots Tests / Button Variant Secondary 2`] = `"<button class=\\"Button_button__1zTCG Button_button_secondary__E8eKQ  \\">Klikk her</button>"`;

exports[`Image storyshots Tests / Button Variant Tertiary 1`] = `ElementHandle {}`;

exports[`Image storyshots Tests / Button Variant Tertiary 2`] = `"<button class=\\"Button_button__1zTCG Button_button_tertiary__1XbyX  \\">Klikk her</button>"`;

exports[`Image storyshots Tests / Button With Accesskey 1`] = `"<button class=\\"Button_button__1zTCG Button_button_primary__1O4RP  \\" accesskey=\\"s\\">Klikk her</button>"`;

exports[`Image storyshots Tests / Button With Aria Describedby 1`] = `"<button class=\\"Button_button__1zTCG Button_button_primary__1O4RP  \\" aria-describedby=\\"id1\\">Klikk her</button>"`;

exports[`Image storyshots Tests / Button With Custom Css 1`] = `"<button class=\\"Button_button__1zTCG Button_button_secondary__E8eKQ  dummyClassname\\">Klikk her</button>"`;

exports[`Image storyshots Tests / Button With Custom Css And Disabled 1`] = `"<button class=\\"Button_button__1zTCG Button_button_primary__1O4RP  dummyClassname\\" disabled=\\"\\">Klikk her</button>"`;

exports[`Image storyshots Tests / Button With Icon 1`] = `"<button class=\\"Button_button__1zTCG Button_button_primary__1O4RP Button_button_withIcon__2G3uN \\"><span class=\\"Button_icon__Fgskl\\"><svg class=\\"Icon_systemIcon__3UiY7 Icon_systemIcon_medium__3Bf05 \\" viewBox=\\"0 0 24 24\\" focusable=\\"false\\" aria-hidden=\\"true\\" role=\\"img\\"><path d=\\"M2 3v7l15 2-15 2v7l21-9L2 3Z\\"></path></svg></span>Klikk her</button>"`;

exports[`Image storyshots Tests / Button With Id 1`] = `"<button id=\\"htmlid\\" class=\\"Button_button__1zTCG Button_button_primary__1O4RP  \\">Klikk her</button>"`;

exports[`Image storyshots Tests / Button With Long Text 1`] = `"<button class=\\"Button_button__1zTCG Button_button_primary__1O4RP  \\">Denne knappen har en veldig lang tekst. Så lang at den tvinger fram linjeskift. Her har vi ikke ikon så da skal teksten midtstilles</button>"`;

exports[`Image storyshots Tests / Button With Long Text And Icon 1`] = `"<button class=\\"Button_button__1zTCG Button_button_primary__1O4RP Button_button_withIcon__2G3uN \\"><span class=\\"Button_icon__Fgskl\\"><svg class=\\"Icon_systemIcon__3UiY7 Icon_systemIcon_medium__3Bf05 \\" viewBox=\\"0 0 24 24\\" focusable=\\"false\\" aria-hidden=\\"true\\" role=\\"img\\"><path d=\\"M2 3v7l15 2-15 2v7l21-9L2 3Z\\"></path></svg></span>Denne knappen har en veldig lang tekst. Så lang at den tvinger fram linjeskift. Tekst skal venstrejusteres.</button>"`;

exports[`Image storyshots Tests / Button With Long Text Breaking 1`] = `"<button class=\\"Button_button__1zTCG Button_button_primary__1O4RP  \\">Denneknappenharenveldiglangtekst.Sålangatdentvingerframlinjeskift.Herharviikkeikonsådaskaltekstenmidtstilles</button>"`;

exports[`Image storyshots Tests / Button With Ref 1`] = `"<button class=\\"Button_button__1zTCG Button_button_primary__1O4RP  \\" id=\\"dummyIdForwardedFromRef\\">Klikk her</button>"`;

exports[`Image storyshots Tests / Button With Tabindex 1`] = `"<button class=\\"Button_button__1zTCG Button_button_primary__1O4RP  \\" tabindex=\\"-1\\">Klikk her</button>"`;

exports[`Image storyshots Tests / IconButton Defaults 1`] = `"<button class=\\"IconButton_button__2SNVB IconButton_button_medium__1_HY9  \\"><svg class=\\"Icon_systemIcon__3UiY7 Icon_systemIcon_medium__3Bf05 \\" viewBox=\\"0 0 24 24\\" focusable=\\"false\\" aria-hidden=\\"true\\" role=\\"img\\"><path d=\\"M21 19v1H3v-1l2-2v-6c0-3.1 2.03-5.83 5-6.71V4a2 2 0 1 1 4 0v.29c2.97.88 5 3.61 5 6.71v6l2 2Zm-7 2a2 2 0 0 1-4 0\\"></path></svg></button>"`;

exports[`Image storyshots Tests / IconButton Disabled 1`] = `"<button class=\\"IconButton_button__2SNVB IconButton_button_medium__1_HY9  \\" disabled=\\"\\"><svg class=\\"Icon_systemIcon__3UiY7 Icon_systemIcon_medium__3Bf05 \\" viewBox=\\"0 0 24 24\\" focusable=\\"false\\" aria-hidden=\\"true\\" role=\\"img\\"><path d=\\"M21 19v1H3v-1l2-2v-6c0-3.1 2.03-5.83 5-6.71V4a2 2 0 1 1 4 0v.29c2.97.88 5 3.61 5 6.71v6l2 2Zm-7 2a2 2 0 0 1-4 0\\"></path></svg></button>"`;

exports[`Image storyshots Tests / IconButton Disabled With Outline 1`] = `"<button class=\\"IconButton_button__2SNVB IconButton_button_medium__1_HY9 IconButton_button_outlined__3Z3OU \\" disabled=\\"\\"><svg class=\\"Icon_systemIcon__3UiY7 Icon_systemIcon_medium__3Bf05 \\" viewBox=\\"0 0 24 24\\" focusable=\\"false\\" aria-hidden=\\"true\\" role=\\"img\\"><path d=\\"M21 19v1H3v-1l2-2v-6c0-3.1 2.03-5.83 5-6.71V4a2 2 0 1 1 4 0v.29c2.97.88 5 3.61 5 6.71v6l2 2Zm-7 2a2 2 0 0 1-4 0\\"></path></svg></button>"`;

exports[`Image storyshots Tests / IconButton Large With Outline 1`] = `"<button class=\\"IconButton_button__2SNVB IconButton_button_large__3sjvr IconButton_button_outlined__3Z3OU \\"><svg class=\\"Icon_systemIcon__3UiY7 Icon_systemIcon_medium__3Bf05 \\" viewBox=\\"0 0 24 24\\" focusable=\\"false\\" aria-hidden=\\"true\\" role=\\"img\\"><path d=\\"M21 19v1H3v-1l2-2v-6c0-3.1 2.03-5.83 5-6.71V4a2 2 0 1 1 4 0v.29c2.97.88 5 3.61 5 6.71v6l2 2Zm-7 2a2 2 0 0 1-4 0\\"></path></svg></button>"`;

exports[`Image storyshots Tests / IconButton Size Large 1`] = `"<button class=\\"IconButton_button__2SNVB IconButton_button_large__3sjvr  \\"><svg class=\\"Icon_systemIcon__3UiY7 Icon_systemIcon_medium__3Bf05 \\" viewBox=\\"0 0 24 24\\" focusable=\\"false\\" aria-hidden=\\"true\\" role=\\"img\\"><path d=\\"M21 19v1H3v-1l2-2v-6c0-3.1 2.03-5.83 5-6.71V4a2 2 0 1 1 4 0v.29c2.97.88 5 3.61 5 6.71v6l2 2Zm-7 2a2 2 0 0 1-4 0\\"></path></svg></button>"`;

exports[`Image storyshots Tests / IconButton Size Large And Disabled 1`] = `"<button class=\\"IconButton_button__2SNVB IconButton_button_large__3sjvr  \\" disabled=\\"\\"><svg class=\\"Icon_systemIcon__3UiY7 Icon_systemIcon_medium__3Bf05 \\" viewBox=\\"0 0 24 24\\" focusable=\\"false\\" aria-hidden=\\"true\\" role=\\"img\\"><path d=\\"M21 19v1H3v-1l2-2v-6c0-3.1 2.03-5.83 5-6.71V4a2 2 0 1 1 4 0v.29c2.97.88 5 3.61 5 6.71v6l2 2Zm-7 2a2 2 0 0 1-4 0\\"></path></svg></button>"`;

exports[`Image storyshots Tests / IconButton Size Large Disabled With Outline 1`] = `"<button class=\\"IconButton_button__2SNVB IconButton_button_large__3sjvr IconButton_button_outlined__3Z3OU \\" disabled=\\"\\"><svg class=\\"Icon_systemIcon__3UiY7 Icon_systemIcon_medium__3Bf05 \\" viewBox=\\"0 0 24 24\\" focusable=\\"false\\" aria-hidden=\\"true\\" role=\\"img\\"><path d=\\"M21 19v1H3v-1l2-2v-6c0-3.1 2.03-5.83 5-6.71V4a2 2 0 1 1 4 0v.29c2.97.88 5 3.61 5 6.71v6l2 2Zm-7 2a2 2 0 0 1-4 0\\"></path></svg></button>"`;

exports[`Image storyshots Tests / IconButton Size Small 1`] = `"<button class=\\"IconButton_button__2SNVB IconButton_button_small__3lNAq  \\"><svg class=\\"Icon_systemIcon__3UiY7 Icon_systemIcon_medium__3Bf05 \\" viewBox=\\"0 0 24 24\\" focusable=\\"false\\" aria-hidden=\\"true\\" role=\\"img\\"><path d=\\"M21 19v1H3v-1l2-2v-6c0-3.1 2.03-5.83 5-6.71V4a2 2 0 1 1 4 0v.29c2.97.88 5 3.61 5 6.71v6l2 2Zm-7 2a2 2 0 0 1-4 0\\"></path></svg></button>"`;

exports[`Image storyshots Tests / IconButton Size Small And Disabled 1`] = `"<button class=\\"IconButton_button__2SNVB IconButton_button_small__3lNAq  \\" disabled=\\"\\"><svg class=\\"Icon_systemIcon__3UiY7 Icon_systemIcon_medium__3Bf05 \\" viewBox=\\"0 0 24 24\\" focusable=\\"false\\" aria-hidden=\\"true\\" role=\\"img\\"><path d=\\"M21 19v1H3v-1l2-2v-6c0-3.1 2.03-5.83 5-6.71V4a2 2 0 1 1 4 0v.29c2.97.88 5 3.61 5 6.71v6l2 2Zm-7 2a2 2 0 0 1-4 0\\"></path></svg></button>"`;

exports[`Image storyshots Tests / IconButton Size Small Disabled With Outline 1`] = `"<button class=\\"IconButton_button__2SNVB IconButton_button_small__3lNAq IconButton_button_outlined__3Z3OU \\" disabled=\\"\\"><svg class=\\"Icon_systemIcon__3UiY7 Icon_systemIcon_medium__3Bf05 \\" viewBox=\\"0 0 24 24\\" focusable=\\"false\\" aria-hidden=\\"true\\" role=\\"img\\"><path d=\\"M21 19v1H3v-1l2-2v-6c0-3.1 2.03-5.83 5-6.71V4a2 2 0 1 1 4 0v.29c2.97.88 5 3.61 5 6.71v6l2 2Zm-7 2a2 2 0 0 1-4 0\\"></path></svg></button>"`;

exports[`Image storyshots Tests / IconButton Small With Outline 1`] = `"<button class=\\"IconButton_button__2SNVB IconButton_button_small__3lNAq IconButton_button_outlined__3Z3OU \\"><svg class=\\"Icon_systemIcon__3UiY7 Icon_systemIcon_medium__3Bf05 \\" viewBox=\\"0 0 24 24\\" focusable=\\"false\\" aria-hidden=\\"true\\" role=\\"img\\"><path d=\\"M21 19v1H3v-1l2-2v-6c0-3.1 2.03-5.83 5-6.71V4a2 2 0 1 1 4 0v.29c2.97.88 5 3.61 5 6.71v6l2 2Zm-7 2a2 2 0 0 1-4 0\\"></path></svg></button>"`;

exports[`Image storyshots Tests / IconButton With Access Key 1`] = `"<button class=\\"IconButton_button__2SNVB IconButton_button_medium__1_HY9  \\" accesskey=\\"The bell is ringing\\"><svg class=\\"Icon_systemIcon__3UiY7 Icon_systemIcon_medium__3Bf05 \\" viewBox=\\"0 0 24 24\\" focusable=\\"false\\" aria-hidden=\\"true\\" role=\\"img\\"><path d=\\"M21 19v1H3v-1l2-2v-6c0-3.1 2.03-5.83 5-6.71V4a2 2 0 1 1 4 0v.29c2.97.88 5 3.61 5 6.71v6l2 2Zm-7 2a2 2 0 0 1-4 0\\"></path></svg></button>"`;

exports[`Image storyshots Tests / IconButton With Arias 1`] = `"<button class=\\"IconButton_button__2SNVB IconButton_button_medium__1_HY9  \\" aria-describedby=\\"Knapp ariaDescribedBy\\" aria-label=\\"Knapp ariaLabel\\"><svg class=\\"Icon_systemIcon__3UiY7 Icon_systemIcon_medium__3Bf05 \\" viewBox=\\"0 0 24 24\\" focusable=\\"false\\" aria-hidden=\\"true\\" role=\\"img\\"><path d=\\"M21 19v1H3v-1l2-2v-6c0-3.1 2.03-5.83 5-6.71V4a2 2 0 1 1 4 0v.29c2.97.88 5 3.61 5 6.71v6l2 2Zm-7 2a2 2 0 0 1-4 0\\"></path></svg></button>"`;

exports[`Image storyshots Tests / IconButton With Custom Css 1`] = `"<button class=\\"IconButton_button__2SNVB IconButton_button_medium__1_HY9  buttonClassnameDark\\"><svg class=\\"Icon_systemIcon__3UiY7 Icon_systemIcon_medium__3Bf05 \\" viewBox=\\"0 0 24 24\\" focusable=\\"false\\" aria-hidden=\\"true\\" role=\\"img\\"><path d=\\"M21 19v1H3v-1l2-2v-6c0-3.1 2.03-5.83 5-6.71V4a2 2 0 1 1 4 0v.29c2.97.88 5 3.61 5 6.71v6l2 2Zm-7 2a2 2 0 0 1-4 0\\"></path></svg></button>"`;

exports[`Image storyshots Tests / IconButton With Custom Css And Disabled 1`] = `"<button class=\\"IconButton_button__2SNVB IconButton_button_medium__1_HY9  buttonClassnameDark\\" disabled=\\"\\"><svg class=\\"Icon_systemIcon__3UiY7 Icon_systemIcon_medium__3Bf05 \\" viewBox=\\"0 0 24 24\\" focusable=\\"false\\" aria-hidden=\\"true\\" role=\\"img\\"><path d=\\"M21 19v1H3v-1l2-2v-6c0-3.1 2.03-5.83 5-6.71V4a2 2 0 1 1 4 0v.29c2.97.88 5 3.61 5 6.71v6l2 2Zm-7 2a2 2 0 0 1-4 0\\"></path></svg></button>"`;

exports[`Image storyshots Tests / IconButton With Custom SVG Path 1`] = `"<button class=\\"IconButton_button__2SNVB IconButton_button_medium__1_HY9  \\"><svg class=\\"Icon_systemIcon__3UiY7 Icon_systemIcon_medium__3Bf05 \\" viewBox=\\"0 0 24 24\\" focusable=\\"false\\" aria-hidden=\\"true\\" role=\\"img\\"><path d=\\"M18 10h-1.26A8 8 0 1 0 9 20h9a5 5 0 0 0 0-10z\\"></path></svg></button>"`;

exports[`Image storyshots Tests / IconButton With Data Test Id 1`] = `"<button class=\\"IconButton_button__2SNVB IconButton_button_medium__1_HY9  \\" data-testid=\\"123 bell svg\\"><svg class=\\"Icon_systemIcon__3UiY7 Icon_systemIcon_medium__3Bf05 \\" viewBox=\\"0 0 24 24\\" focusable=\\"false\\" aria-hidden=\\"true\\" role=\\"img\\"><path d=\\"M21 19v1H3v-1l2-2v-6c0-3.1 2.03-5.83 5-6.71V4a2 2 0 1 1 4 0v.29c2.97.88 5 3.61 5 6.71v6l2 2Zm-7 2a2 2 0 0 1-4 0\\"></path></svg></button>"`;

exports[`Image storyshots Tests / IconButton With Id 1`] = `"<button id=\\"123\\" class=\\"IconButton_button__2SNVB IconButton_button_medium__1_HY9  \\"><svg class=\\"Icon_systemIcon__3UiY7 Icon_systemIcon_medium__3Bf05 \\" viewBox=\\"0 0 24 24\\" focusable=\\"false\\" aria-hidden=\\"true\\" role=\\"img\\"><path d=\\"M21 19v1H3v-1l2-2v-6c0-3.1 2.03-5.83 5-6.71V4a2 2 0 1 1 4 0v.29c2.97.88 5 3.61 5 6.71v6l2 2Zm-7 2a2 2 0 0 1-4 0\\"></path></svg></button>"`;

exports[`Image storyshots Tests / IconButton With Outline 1`] = `"<button class=\\"IconButton_button__2SNVB IconButton_button_medium__1_HY9 IconButton_button_outlined__3Z3OU \\"><svg class=\\"Icon_systemIcon__3UiY7 Icon_systemIcon_medium__3Bf05 \\" viewBox=\\"0 0 24 24\\" focusable=\\"false\\" aria-hidden=\\"true\\" role=\\"img\\"><path d=\\"M21 19v1H3v-1l2-2v-6c0-3.1 2.03-5.83 5-6.71V4a2 2 0 1 1 4 0v.29c2.97.88 5 3.61 5 6.71v6l2 2Zm-7 2a2 2 0 0 1-4 0\\"></path></svg></button>"`;

exports[`Image storyshots Tests / IconButton With Ref 1`] = `"<button class=\\"IconButton_button__2SNVB IconButton_button_medium__1_HY9  \\" id=\\"dummyIdForwardedFromRef\\"><svg class=\\"Icon_systemIcon__3UiY7 Icon_systemIcon_medium__3Bf05 \\" viewBox=\\"0 0 24 24\\" focusable=\\"false\\" aria-hidden=\\"true\\" role=\\"img\\"><path d=\\"M21 19v1H3v-1l2-2v-6c0-3.1 2.03-5.83 5-6.71V4a2 2 0 1 1 4 0v.29c2.97.88 5 3.61 5 6.71v6l2 2Zm-7 2a2 2 0 0 1-4 0\\"></path></svg></button>"`;

exports[`Image storyshots Tests / IconButton With Tabindex 1`] = `"<button class=\\"IconButton_button__2SNVB IconButton_button_medium__1_HY9  \\" tabindex=\\"-1\\"><svg class=\\"Icon_systemIcon__3UiY7 Icon_systemIcon_medium__3Bf05 \\" viewBox=\\"0 0 24 24\\" focusable=\\"false\\" aria-hidden=\\"true\\" role=\\"img\\"><path d=\\"M21 19v1H3v-1l2-2v-6c0-3.1 2.03-5.83 5-6.71V4a2 2 0 1 1 4 0v.29c2.97.88 5 3.61 5 6.71v6l2 2Zm-7 2a2 2 0 0 1-4 0\\"></path></svg></button>"`;

exports[`Image storyshots Tests / InlineButton Defaults 1`] = `"<button class=\\"InlineButton_button__2taCK   \\">Legg til rapport</button>"`;

exports[`Image storyshots Tests / InlineButton Disabled 1`] = `"<button class=\\"InlineButton_button__2taCK   \\" disabled=\\"\\">Legg til rapport</button>"`;

exports[`Image storyshots Tests / InlineButton Disabled With Icon 1`] = `"<button class=\\"InlineButton_button__2taCK InlineButton_button_withIconLeft__3Y66a  \\" disabled=\\"\\"><span class=\\"InlineButton_icon__GHhTr\\"><svg class=\\"Icon_systemIcon__3UiY7 Icon_systemIcon_medium__3Bf05 \\" viewBox=\\"0 0 24 24\\" focusable=\\"false\\" aria-hidden=\\"true\\" role=\\"img\\"><path d=\\"M12 20c-4.41 0-8-3.59-8-8s3.59-8 8-8 8 3.59 8 8-3.59 8-8 8Zm0-18C6.477 2 2 6.477 2 12A10 10 0 1 0 12 2Zm1 5h-2v4H7v2h4v4h2v-4h4v-2h-4V7Z\\"></path></svg></span>Legg til rapport</button>"`;

exports[`Image storyshots Tests / InlineButton With Access Key 1`] = `"<button class=\\"InlineButton_button__2taCK   \\" accesskey=\\"a\\">Legg til rapport</button>"`;

exports[`Image storyshots Tests / InlineButton With Aria Describedby 1`] = `"<button class=\\"InlineButton_button__2taCK   \\" aria-describedby=\\"dummyId\\">Legg til rapport</button>"`;

exports[`Image storyshots Tests / InlineButton With Custom Css 1`] = `"<button class=\\"InlineButton_button__2taCK   dummyClassName\\">Legg til rapport</button>"`;

exports[`Image storyshots Tests / InlineButton With Custom Icon 1`] = `"<button class=\\"InlineButton_button__2taCK InlineButton_button_withIconLeft__3Y66a  \\"><span class=\\"InlineButton_icon__GHhTr\\"><svg class=\\"Icon_systemIcon__3UiY7 Icon_systemIcon_medium__3Bf05 \\" viewBox=\\"0 0 24 24\\" focusable=\\"false\\" aria-hidden=\\"true\\" role=\\"img\\"><path d=\\"M20.18,8.63v-1.27h-1.24v-1.37h-1.24v-1.27h-1.45v-1.37h-1.24v-1.37h-6.52v1.37h-1.35v1.37h-1.34v1.27h-1.24v1.37h-1.35v1.27H1.86v6.73h1.34v1.27h1.35v1.37h1.24v1.27h1.34v1.37h1.35v1.37h6.52v-1.37h1.35v-1.37h1.34v-1.27h1.24v-1.37h1.34v-1.27h1.58v-6.73h-1.68Zm-5.21,5.38h-1.3v1.33h-3.93v-1.33h-1.3v-3.98h1.3v-1.33h3.93v1.33h1.3v3.98Zm3.27-3.98h-1.31v-1.33h-1.3v-1.33h-1.31v-1.33h1.31v1.33h1.3v1.33h1.31v1.33Z\\"></path></svg></span>Legg til rapport</button>"`;

exports[`Image storyshots Tests / InlineButton With Data Testid 1`] = `"<button class=\\"InlineButton_button__2taCK   \\" data-testid=\\"dummyId\\">Legg til rapport</button>"`;

exports[`Image storyshots Tests / InlineButton With Icon Right 1`] = `"<button class=\\"InlineButton_button__2taCK  InlineButton_button_withIconRight__3d8PZ \\">Legg til rapport<span class=\\"InlineButton_icon__GHhTr\\"><svg class=\\"Icon_systemIcon__3UiY7 Icon_systemIcon_medium__3Bf05 \\" viewBox=\\"0 0 24 24\\" focusable=\\"false\\" aria-hidden=\\"true\\" role=\\"img\\"><path d=\\"M12 20c-4.41 0-8-3.59-8-8s3.59-8 8-8 8 3.59 8 8-3.59 8-8 8Zm0-18C6.477 2 2 6.477 2 12A10 10 0 1 0 12 2Zm1 5h-2v4H7v2h4v4h2v-4h4v-2h-4V7Z\\"></path></svg></span></button>"`;

exports[`Image storyshots Tests / InlineButton With Id 1`] = `"<button id=\\"dummyId\\" class=\\"InlineButton_button__2taCK   \\">Legg til rapport</button>"`;

exports[`Image storyshots Tests / InlineButton With Long Text 1`] = `"<button class=\\"InlineButton_button__2taCK   \\">Denne knappen har en veldig lang tekst. Så lang at den lange teksten tvinger fram linjeskift hvor tekst er venstrejustert.</button>"`;

exports[`Image storyshots Tests / InlineButton With Long Text And Icon 1`] = `"<button class=\\"InlineButton_button__2taCK InlineButton_button_withIconLeft__3Y66a  \\"><span class=\\"InlineButton_icon__GHhTr\\"><svg class=\\"Icon_systemIcon__3UiY7 Icon_systemIcon_medium__3Bf05 \\" viewBox=\\"0 0 24 24\\" focusable=\\"false\\" aria-hidden=\\"true\\" role=\\"img\\"><path d=\\"M12 20c-4.41 0-8-3.59-8-8s3.59-8 8-8 8 3.59 8 8-3.59 8-8 8Zm0-18C6.477 2 2 6.477 2 12A10 10 0 1 0 12 2Zm1 5h-2v4H7v2h4v4h2v-4h4v-2h-4V7Z\\"></path></svg></span>Denne knappen har en veldig lang tekst med ikon på høyre side. Så lang at den lange teksten tvinger fram linjeskift hvor tekst er høyrejustert.</button>"`;

exports[`Image storyshots Tests / InlineButton With Long Text Breaking 1`] = `"<button class=\\"InlineButton_button__2taCK   \\">Denneknappenharenveldiglangtekst.Sålangatdentvingerframlinjeskift.Nårikkeikonsåskaltekstenværevenstrejusteres.</button>"`;

exports[`Image storyshots Tests / InlineButton With Ref 1`] = `"<button class=\\"InlineButton_button__2taCK   \\" id=\\"dummyId\\">Legg til rapport</button>"`;

exports[`Image storyshots Tests / InlineButton With System Icon 1`] = `"<button class=\\"InlineButton_button__2taCK InlineButton_button_withIconLeft__3Y66a  \\"><span class=\\"InlineButton_icon__GHhTr\\"><svg class=\\"Icon_systemIcon__3UiY7 Icon_systemIcon_medium__3Bf05 \\" viewBox=\\"0 0 24 24\\" focusable=\\"false\\" aria-hidden=\\"true\\" role=\\"img\\"><path d=\\"M12 20c-4.41 0-8-3.59-8-8s3.59-8 8-8 8 3.59 8 8-3.59 8-8 8Zm0-18C6.477 2 2 6.477 2 12A10 10 0 1 0 12 2Zm1 5h-2v4H7v2h4v4h2v-4h4v-2h-4V7Z\\"></path></svg></span>Legg til rapport</button>"`;

exports[`Image storyshots Tests / InlineButton With Tabindex 1`] = `"<button class=\\"InlineButton_button__2taCK   \\" tabindex=\\"-1\\">Legg til rapport</button>"`;

exports[`Image storyshots Tests / MegaButton As Link 1`] = `"<a class=\\"MegaButton_button__1aSH0 \\" href=\\"https://www.skatteetaten.no\\" role=\\"button\\">Klikk her</a>"`;

exports[`Image storyshots Tests / MegaButton As Link External 1`] = `"<a class=\\"MegaButton_button__1aSH0 \\" href=\\"https://www.skatteetaten.no\\" role=\\"button\\">Klikk her<span class=\\"MegaButton_icon__3cuzU\\"><svg class=\\"Icon_systemIcon__3UiY7 Icon_systemIcon_medium__3Bf05 MegaButton_svg__2I3wW\\" viewBox=\\"0 0 24 24\\" focusable=\\"false\\" aria-hidden=\\"true\\" role=\\"img\\"><path d=\\"M14 3v2h3.59l-9.83 9.83 1.41 1.41L19 6.41V10h2V3h-7Zm5 16H5V5h7V3H5a2 2 0 0 0-2 2v14a2 2 0 0 0 2 2h14a2 2 0 0 0 2-2v-7h-2v7Z\\"></path></svg></span></a>"`;

exports[`Image storyshots Tests / MegaButton Defaults 1`] = `"<button class=\\"MegaButton_button__1aSH0 \\">Klikk her</button>"`;

exports[`Image storyshots Tests / MegaButton Disabled 1`] = `"<button class=\\"MegaButton_button__1aSH0 \\" disabled=\\"\\">Klikk her</button>"`;

exports[`Image storyshots Tests / MegaButton Disabled With Icon 1`] = `"<button class=\\"MegaButton_button__1aSH0 \\" disabled=\\"\\">Klikk her<span class=\\"MegaButton_icon__3cuzU\\"><svg class=\\"Icon_systemIcon__3UiY7 Icon_systemIcon_medium__3Bf05 MegaButton_svg__2I3wW\\" viewBox=\\"0 0 24 24\\" focusable=\\"false\\" aria-hidden=\\"true\\" role=\\"img\\"><path d=\\"M14 3v2h3.59l-9.83 9.83 1.41 1.41L19 6.41V10h2V3h-7Zm5 16H5V5h7V3H5a2 2 0 0 0-2 2v14a2 2 0 0 0 2 2h14a2 2 0 0 0 2-2v-7h-2v7Z\\"></path></svg></span></button>"`;

exports[`Image storyshots Tests / MegaButton With Aria Describedby 1`] = `"<button class=\\"MegaButton_button__1aSH0 \\" aria-describedby=\\"testid1234\\">Klikk her</button>"`;

exports[`Image storyshots Tests / MegaButton With Custom CSS 1`] = `"<button class=\\"MegaButton_button__1aSH0 dummyClassname \\">Klikk her</button>"`;

exports[`Image storyshots Tests / MegaButton With Custom CSS And Disabled 1`] = `"<button class=\\"MegaButton_button__1aSH0 dummyClassname\\" disabled=\\"\\">Klikk her</button>"`;

exports[`Image storyshots Tests / MegaButton With Data Test Id 1`] = `"<button class=\\"MegaButton_button__1aSH0 \\" data-testid=\\"123Mega\\"></button>"`;

exports[`Image storyshots Tests / MegaButton With Icon 1`] = `"<button class=\\"MegaButton_button__1aSH0 \\">Klikk her<span class=\\"MegaButton_icon__3cuzU\\"><svg class=\\"Icon_systemIcon__3UiY7 Icon_systemIcon_medium__3Bf05 MegaButton_svg__2I3wW\\" viewBox=\\"0 0 24 24\\" focusable=\\"false\\" aria-hidden=\\"true\\" role=\\"img\\"><path d=\\"M14 3v2h3.59l-9.83 9.83 1.41 1.41L19 6.41V10h2V3h-7Zm5 16H5V5h7V3H5a2 2 0 0 0-2 2v14a2 2 0 0 0 2 2h14a2 2 0 0 0 2-2v-7h-2v7Z\\"></path></svg></span></button>"`;

exports[`Image storyshots Tests / MegaButton With Id 1`] = `"<button id=\\"htmlid\\" class=\\"MegaButton_button__1aSH0 \\">Klikk her</button>"`;

exports[`Image storyshots Tests / MegaButton With Long Text 1`] = `"<button class=\\"MegaButton_button__1aSH0 \\">Denne knappen har en veldig lang tekst. Så lang at den må brekke.</button>"`;

exports[`Image storyshots Tests / MegaButton With Long Text And Icon 1`] = `"<button class=\\"MegaButton_button__1aSH0 \\">Denne knappen har en veldig lang tekst. Icon skal da plasseres løpende etter tekster på siste linje<span class=\\"MegaButton_icon__3cuzU\\"><svg class=\\"Icon_systemIcon__3UiY7 Icon_systemIcon_medium__3Bf05 MegaButton_svg__2I3wW\\" viewBox=\\"0 0 24 24\\" focusable=\\"false\\" aria-hidden=\\"true\\" role=\\"img\\"><path d=\\"M14 3v2h3.59l-9.83 9.83 1.41 1.41L19 6.41V10h2V3h-7Zm5 16H5V5h7V3H5a2 2 0 0 0-2 2v14a2 2 0 0 0 2 2h14a2 2 0 0 0 2-2v-7h-2v7Z\\"></path></svg></span></button>"`;

exports[`Image storyshots Tests / MegaButton With Long Text Breaking 1`] = `"<button class=\\"MegaButton_button__1aSH0 \\">Denneknappenharenveldiglangtekst.Sålangatdenmåbrekke.</button>"`;

exports[`Image storyshots Tests / MegaButton With Ref 1`] = `"<button class=\\"MegaButton_button__1aSH0 \\" id=\\"dummyIdForwardedFromRef\\">Klikk her</button>"`;

exports[`Image storyshots Tests / MegaButton With Tabindex 1`] = `"<button class=\\"MegaButton_button__1aSH0 \\" tabindex=\\"-1\\">Klikk her</button>"`;

exports[`Image storyshots Tests/Icon Defaults 1`] = `"<svg class=\\"Icon_systemIcon__3UiY7 Icon_systemIcon_medium__3Bf05 \\" viewBox=\\"0 0 24 24\\" focusable=\\"false\\" aria-hidden=\\"true\\" role=\\"img\\"><path d=\\"M12.5 11a2 2 0 1 0-.09 3.998A2 2 0 0 0 12.5 11Zm0-2c1.63 0 3.12.35 4.5 1.05 1.34.71 2 1.56 2 2.56v5.77c0 1.12-.86 2.06-2.61 2.81V19c0-.95-.86-1.62-2.58-2.03-.56-.13-1-.19-1.31-.19-.87 0-1.7.17-2.46.52-.77.34-1.23.78-1.38 1.31 1.34.53 2.62.8 3.84.8l1-.1v2.63l-1 .06a9.68 9.68 0 0 1-3.89-.81C6.86 20.44 6 19.5 6 18.38v-5.77c0-1 .66-1.85 2-2.56C9.38 9.35 10.88 9 12.5 9Zm0-7a3 3 0 1 1 0 6 3 3 0 0 1 0-6Z\\"></path></svg>"`;

exports[`Image storyshots Tests/Icon With Aria Label 1`] = `"<svg class=\\"Icon_systemIcon__3UiY7 Icon_systemIcon_medium__3Bf05 \\" viewBox=\\"0 0 24 24\\" focusable=\\"false\\" aria-label=\\"min custom aria-label beskrivelse\\" aria-hidden=\\"false\\" role=\\"img\\"><path d=\\"M12.5 11a2 2 0 1 0-.09 3.998A2 2 0 0 0 12.5 11Zm0-2c1.63 0 3.12.35 4.5 1.05 1.34.71 2 1.56 2 2.56v5.77c0 1.12-.86 2.06-2.61 2.81V19c0-.95-.86-1.62-2.58-2.03-.56-.13-1-.19-1.31-.19-.87 0-1.7.17-2.46.52-.77.34-1.23.78-1.38 1.31 1.34.53 2.62.8 3.84.8l1-.1v2.63l-1 .06a9.68 9.68 0 0 1-3.89-.81C6.86 20.44 6 19.5 6 18.38v-5.77c0-1 .66-1.85 2-2.56C9.38 9.35 10.88 9 12.5 9Zm0-7a3 3 0 1 1 0 6 3 3 0 0 1 0-6Z\\"></path></svg>"`;

exports[`Image storyshots Tests/Icon With Classname 1`] = `"<svg class=\\"Icon_systemIcon__3UiY7 Icon_systemIcon_medium__3Bf05 myIconClassname\\" viewBox=\\"0 0 24 24\\" focusable=\\"false\\" aria-hidden=\\"true\\" role=\\"img\\"><path d=\\"M12.5 11a2 2 0 1 0-.09 3.998A2 2 0 0 0 12.5 11Zm0-2c1.63 0 3.12.35 4.5 1.05 1.34.71 2 1.56 2 2.56v5.77c0 1.12-.86 2.06-2.61 2.81V19c0-.95-.86-1.62-2.58-2.03-.56-.13-1-.19-1.31-.19-.87 0-1.7.17-2.46.52-.77.34-1.23.78-1.38 1.31 1.34.53 2.62.8 3.84.8l1-.1v2.63l-1 .06a9.68 9.68 0 0 1-3.89-.81C6.86 20.44 6 19.5 6 18.38v-5.77c0-1 .66-1.85 2-2.56C9.38 9.35 10.88 9 12.5 9Zm0-7a3 3 0 1 1 0 6 3 3 0 0 1 0-6Z\\"></path></svg>"`;

exports[`Image storyshots Tests/Icon With Id 1`] = `"<svg id=\\"htmlid\\" class=\\"Icon_systemIcon__3UiY7 Icon_systemIcon_medium__3Bf05 \\" viewBox=\\"0 0 24 24\\" focusable=\\"false\\" aria-hidden=\\"true\\" role=\\"img\\"><path d=\\"M12.5 11a2 2 0 1 0-.09 3.998A2 2 0 0 0 12.5 11Zm0-2c1.63 0 3.12.35 4.5 1.05 1.34.71 2 1.56 2 2.56v5.77c0 1.12-.86 2.06-2.61 2.81V19c0-.95-.86-1.62-2.58-2.03-.56-.13-1-.19-1.31-.19-.87 0-1.7.17-2.46.52-.77.34-1.23.78-1.38 1.31 1.34.53 2.62.8 3.84.8l1-.1v2.63l-1 .06a9.68 9.68 0 0 1-3.89-.81C6.86 20.44 6 19.5 6 18.38v-5.77c0-1 .66-1.85 2-2.56C9.38 9.35 10.88 9 12.5 9Zm0-7a3 3 0 1 1 0 6 3 3 0 0 1 0-6Z\\"></path></svg>"`;

exports[`Image storyshots Tests/Icon With Ref 1`] = `"<svg class=\\"Icon_systemIcon__3UiY7 Icon_systemIcon_medium__3Bf05 \\" viewBox=\\"0 0 24 24\\" focusable=\\"false\\" aria-hidden=\\"true\\" role=\\"img\\" id=\\"dummyIdForwardedFromRef\\"><path d=\\"M12.5 11a2 2 0 1 0-.09 3.998A2 2 0 0 0 12.5 11Zm0-2c1.63 0 3.12.35 4.5 1.05 1.34.71 2 1.56 2 2.56v5.77c0 1.12-.86 2.06-2.61 2.81V19c0-.95-.86-1.62-2.58-2.03-.56-.13-1-.19-1.31-.19-.87 0-1.7.17-2.46.52-.77.34-1.23.78-1.38 1.31 1.34.53 2.62.8 3.84.8l1-.1v2.63l-1 .06a9.68 9.68 0 0 1-3.89-.81C6.86 20.44 6 19.5 6 18.38v-5.77c0-1 .66-1.85 2-2.56C9.38 9.35 10.88 9 12.5 9Zm0-7a3 3 0 1 1 0 6 3 3 0 0 1 0-6Z\\"></path></svg>"`;

exports[`Image storyshots Tests/Icon With Title 1`] = `"<svg class=\\"Icon_systemIcon__3UiY7 Icon_systemIcon_medium__3Bf05 \\" viewBox=\\"0 0 24 24\\" focusable=\\"false\\" aria-labelledby=\\"svgtitle-:r0:\\" aria-hidden=\\"false\\" role=\\"img\\"><title id=\\"svgtitle-:r0:\\">Min custom title beskrivelse</title><path d=\\"M12.5 11a2 2 0 1 0-.09 3.998A2 2 0 0 0 12.5 11Zm0-2c1.63 0 3.12.35 4.5 1.05 1.34.71 2 1.56 2 2.56v5.77c0 1.12-.86 2.06-2.61 2.81V19c0-.95-.86-1.62-2.58-2.03-.56-.13-1-.19-1.31-.19-.87 0-1.7.17-2.46.52-.77.34-1.23.78-1.38 1.31 1.34.53 2.62.8 3.84.8l1-.1v2.63l-1 .06a9.68 9.68 0 0 1-3.89-.81C6.86 20.44 6 19.5 6 18.38v-5.77c0-1 .66-1.85 2-2.56C9.38 9.35 10.88 9 12.5 9Zm0-7a3 3 0 1 1 0 6 3 3 0 0 1 0-6Z\\"></path></svg>"`;

exports[`Image storyshots Tests/Icon With Variant 1`] = `"<svg class=\\"Icon_themeIcon__3NJSU Icon_themeIcon_medium__2HS82 \\" viewBox=\\"0 0 48 48\\" focusable=\\"false\\" aria-hidden=\\"true\\" role=\\"img\\"><path d=\\"M12.5 11a2 2 0 1 0-.09 3.998A2 2 0 0 0 12.5 11Zm0-2c1.63 0 3.12.35 4.5 1.05 1.34.71 2 1.56 2 2.56v5.77c0 1.12-.86 2.06-2.61 2.81V19c0-.95-.86-1.62-2.58-2.03-.56-.13-1-.19-1.31-.19-.87 0-1.7.17-2.46.52-.77.34-1.23.78-1.38 1.31 1.34.53 2.62.8 3.84.8l1-.1v2.63l-1 .06a9.68 9.68 0 0 1-3.89-.81C6.86 20.44 6 19.5 6 18.38v-5.77c0-1 .66-1.85 2-2.56C9.38 9.35 10.88 9 12.5 9Zm0-7a3 3 0 1 1 0 6 3 3 0 0 1 0-6Z\\"></path></svg>"`;
